
> clipit-backend@0.1.0 test
> vitest run


[1m[7m[36m RUN [39m[27m[22m [36mv2.1.9 [39m[90m/home/runner/work/CLIPIT/CLIPIT[39m

 [32m✓[39m test/openrouterVideo.test.ts [2m([22m[2m15 tests[22m[2m)[22m[90m 68[2mms[22m[39m
 [32m✓[39m test/rerenderMedia.test.ts [2m([22m[2m34 tests[22m[2m)[22m[90m 68[2mms[22m[39m
 [2m[90m↓[39m[22m test/media.integration.test.ts [2m([22m[2m22 tests[22m[2m | [22m[33m22 skipped[39m[2m)[22m
 [32m✓[39m test/unknownRender.test.ts [2m([22m[2m14 tests[22m[2m)[22m[90m 19[2mms[22m[39m
 [32m✓[39m test/verticalCleanup.test.ts [2m([22m[2m18 tests[22m[2m)[22m[90m 27[2mms[22m[39m
 [32m✓[39m test/reclipHandler.test.ts [2m([22m[2m14 tests[22m[2m)[22m[90m 39[2mms[22m[39m
 [32m✓[39m test/composition.test.ts [2m([22m[2m37 tests[22m[2m)[22m[90m 20[2mms[22m[39m
 [32m✓[39m test/timestamps.test.ts [2m([22m[2m41 tests[22m[2m)[22m[90m 30[2mms[22m[39m
 [2m[90m↓[39m[22m test/segmentWatch.test.ts [2m([22m[2m10 tests[22m[2m | [22m[33m10 skipped[39m[2m)[22m
 [2m[90m↓[39m[22m test/singleDecodePreprocess.test.ts [2m([22m[2m9 tests[22m[2m | [22m[33m9 skipped[39m[2m)[22m
 [32m✓[39m test/evaluationPersistence.test.ts [2m([22m[2m14 tests[22m[2m)[22m[90m 87[2mms[22m[39m
 [32m✓[39m test/clipSearchCompletion.test.ts [2m([22m[2m15 tests[22m[2m)[22m[90m 23[2mms[22m[39m
 [32m✓[39m test/zernioProfile.test.ts [2m([22m[2m16 tests[22m[2m)[22m[90m 14[2mms[22m[39m
 [32m✓[39m test/adoptOnSignIn.test.ts [2m([22m[2m13 tests[22m[2m)[22m[90m 19[2mms[22m[39m
 [32m✓[39m test/minicpmVideo.test.ts [2m([22m[2m11 tests[22m[2m)[22m[33m 1404[2mms[22m[39m
   [33m[2m✓[22m[39m MiniCPM provider seam[2m > [22mretries an InternalFailure — the one class Modal documents as safe to retry — then succeeds [33m1009[2mms[22m[39m
 [32m✓[39m test/modelCapabilities.test.ts [2m([22m[2m13 tests[22m[2m)[22m[90m 42[2mms[22m[39m
 [32m✓[39m test/clipCaptions.test.ts [2m([22m[2m22 tests[22m[2m)[22m[90m 16[2mms[22m[39m
 [32m✓[39m test/verticalVisibility.test.ts [2m([22m[2m22 tests[22m[2m)[22m[90m 14[2mms[22m[39m
 [32m✓[39m test/sceneIndex.test.ts [2m([22m[2m14 tests[22m[2m)[22m[90m 20[2mms[22m[39m
 [32m✓[39m test/instructionMode.test.ts [2m([22m[2m29 tests[22m[2m)[22m[90m 25[2mms[22m[39m
 [32m✓[39m test/aggregateMatches.test.ts [2m([22m[2m19 tests[22m[2m)[22m[90m 12[2mms[22m[39m
 [32m✓[39m test/reclipFinalize.test.ts [2m([22m[2m3 tests[22m[2m)[22m[90m 17[2mms[22m[39m
 [32m✓[39m test/modelResponse.test.ts [2m([22m[2m24 tests[22m[2m)[22m[90m 22[2mms[22m[39m
 [32m✓[39m test/evaluationMath.test.ts [2m([22m[2m17 tests[22m[2m)[22m[90m 13[2mms[22m[39m
 [32m✓[39m test/compositionPayload.test.ts [2m([22m[2m7 tests[22m[2m)[22m[90m 10[2mms[22m[39m
 [32m✓[39m test/footageExpiry.test.ts [2m([22m[2m7 tests[22m[2m)[22m[90m 14[2mms[22m[39m
 [32m✓[39m test/mediaContract.test.ts [2m([22m[2m13 tests[22m[2m)[22m[90m 8[2mms[22m[39m
[90mstdout[2m | test/verticalRender.integration.test.ts[2m > [22m[2mintegration gating[2m > [22m[2mreports plainly whether the real media path was exercised
[22m[39mvertical render integration: SKIPPED — ffmpeg/ffprobe not on PATH

 [32m✓[39m test/verticalRender.integration.test.ts [2m([22m[2m5 tests[22m[2m | [22m[33m4 skipped[39m[2m)[22m[90m 5[2mms[22m[39m
 [32m✓[39m test/requestedCount.test.ts [2m([22m[2m13 tests[22m[2m)[22m[90m 11[2mms[22m[39m
 [32m✓[39m test/objectRelease.test.ts [2m([22m[2m6 tests[22m[2m)[22m[90m 18[2mms[22m[39m
 [32m✓[39m test/scheduledPublish.test.ts [2m([22m[2m7 tests[22m[2m)[22m[90m 15[2mms[22m[39m
 [32m✓[39m test/searchFencing.test.ts [2m([22m[2m8 tests[22m[2m)[22m[90m 7[2mms[22m[39m
 [32m✓[39m test/workspaceAccess.test.ts [2m([22m[2m14 tests[22m[2m)[22m[90m 15[2mms[22m[39m
 [32m✓[39m test/sessionHandoff.test.ts [2m([22m[2m6 tests[22m[2m)[22m[90m 17[2mms[22m[39m
 [32m✓[39m test/simplememCandidates.test.ts [2m([22m[2m15 tests[22m[2m)[22m[90m 11[2mms[22m[39m
 [32m✓[39m test/searchCoverage.test.ts [2m([22m[2m6 tests[22m[2m)[22m[90m 7[2mms[22m[39m
 [32m✓[39m test/minicpmWarm.test.ts [2m([22m[2m5 tests[22m[2m)[22m[90m 193[2mms[22m[39m
 [32m✓[39m test/connectAttempt.test.ts [2m([22m[2m15 tests[22m[2m)[22m[90m 6[2mms[22m[39m
 [2m[90m↓[39m[22m test/originalPipeline.test.ts [2m([22m[2m5 tests[22m[2m | [22m[33m5 skipped[39m[2m)[22m
 [32m✓[39m test/vtt.test.ts [2m([22m[2m16 tests[22m[2m)[22m[90m 19[2mms[22m[39m
 [32m✓[39m test/claimFootageForExpiry.test.ts [2m([22m[2m7 tests[22m[2m)[22m[90m 7[2mms[22m[39m
 [32m✓[39m test/keepApproval.test.ts [2m([22m[2m12 tests[22m[2m)[22m[90m 8[2mms[22m[39m
 [32m✓[39m test/reclipPersistence.test.ts [2m([22m[2m4 tests[22m[2m)[22m[90m 21[2mms[22m[39m
 [32m✓[39m test/connectFailure.test.ts [2m([22m[2m9 tests[22m[2m)[22m[90m 11[2mms[22m[39m
 [32m✓[39m test/adoptSessionWork.test.ts [2m([22m[2m8 tests[22m[2m)[22m[90m 13[2mms[22m[39m
 [32m✓[39m test/clipReframe.test.ts [2m([22m[2m11 tests[22m[2m)[22m[90m 10[2mms[22m[39m
 [32m✓[39m test/conversationalAnswer.test.ts [2m([22m[2m7 tests[22m[2m)[22m[90m 19[2mms[22m[39m
 [32m✓[39m test/containerMemory.test.ts [2m([22m[2m4 tests[22m[2m)[22m[90m 30[2mms[22m[39m
 [32m✓[39m test/submitPost.test.ts [2m([22m[2m4 tests[22m[2m)[22m[90m 14[2mms[22m[39m
 [32m✓[39m test/keepProduction.test.ts [2m([22m[2m5 tests[22m[2m)[22m[90m 16[2mms[22m[39m
 [32m✓[39m test/usageStageConstraint.test.ts [2m([22m[2m5 tests[22m[2m)[22m[90m 21[2mms[22m[39m
 [32m✓[39m test/platformShapes.test.ts [2m([22m[2m10 tests[22m[2m)[22m[90m 8[2mms[22m[39m
 [32m✓[39m test/alwaysVertical.test.ts [2m([22m[2m6 tests[22m[2m)[22m[90m 9[2mms[22m[39m
[90mstderr[2m | test/migrationIntegrity.test.ts[2m > [22m[2mmigrations already on main are frozen[2m > [22m[2mnever edits a migration that main already carries
[22m[39mmigration freeze check skipped: origin/main is not readable here

 [32m✓[39m test/migrationIntegrity.test.ts [2m([22m[2m2 tests[22m[2m)[22m[90m 17[2mms[22m[39m
 [32m✓[39m test/zernioWebhook.test.ts [2m([22m[2m10 tests[22m[2m)[22m[90m 11[2mms[22m[39m
 [32m✓[39m test/chatRetrievalSignals.test.ts [2m([22m[2m4 tests[22m[2m)[22m[33m 359[2mms[22m[39m
   [33m[2m✓[22m[39m chat signal API contract[2m > [22mrequires the destination timestamp for a click [33m347[2mms[22m[39m
 [32m✓[39m test/clipPosts.test.ts [2m([22m[2m7 tests[22m[2m)[22m[90m 9[2mms[22m[39m
 [32m✓[39m test/usageTally.test.ts [2m([22m[2m9 tests[22m[2m)[22m[90m 6[2mms[22m[39m
 [32m✓[39m test/probeRotation.test.ts [2m([22m[2m6 tests[22m[2m)[22m[90m 7[2mms[22m[39m
 [32m✓[39m test/visibleMatches.test.ts [2m([22m[2m9 tests[22m[2m)[22m[90m 14[2mms[22m[39m
 [32m✓[39m test/readProgress.test.ts [2m([22m[2m4 tests[22m[2m)[22m[90m 7[2mms[22m[39m
 [32m✓[39m test/readiness.test.ts [2m([22m[2m7 tests[22m[2m)[22m[90m 7[2mms[22m[39m
 [32m✓[39m test/rescanPolicy.test.ts [2m([22m[2m27 tests[22m[2m)[22m[90m 10[2mms[22m[39m
 [32m✓[39m test/unknownRendersDrain.test.ts [2m([22m[2m2 tests[22m[2m)[22m[90m 9[2mms[22m[39m
 [32m✓[39m test/simplememRerank.test.ts [2m([22m[2m1 test[22m[2m)[22m[90m 29[2mms[22m[39m
 [32m✓[39m test/minicpmUnconfigured.test.ts [2m([22m[2m1 test[22m[2m)[22m[90m 175[2mms[22m[39m
 [32m✓[39m test/reframeWindow.test.ts [2m([22m[2m4 tests[22m[2m)[22m[90m 5[2mms[22m[39m
 [32m✓[39m test/uploadCors.test.ts [2m([22m[2m6 tests[22m[2m)[22m[90m 7[2mms[22m[39m
 [32m✓[39m test/publishClaim.test.ts [2m([22m[2m2 tests[22m[2m)[22m[90m 5[2mms[22m[39m
 [32m✓[39m test/limitedRange.test.ts [2m([22m[2m4 tests[22m[2m)[22m[90m 4[2mms[22m[39m
 [32m✓[39m test/downloadUrl.test.ts [2m([22m[2m2 tests[22m[2m)[22m[90m 5[2mms[22m[39m
 [32m✓[39m test/searchPrompt.test.ts [2m([22m[2m1 test[22m[2m)[22m[90m 3[2mms[22m[39m
 [32m✓[39m test/platformReports.test.ts [2m([22m[2m9 tests[22m[2m)[22m[33m 10036[2mms[22m[39m
   [33m[2m✓[22m[39m handOffToGitHub[2m > [22mdoes not hold the report when GitHub stalls: the wait ends and the caller hears why [33m10001[2mms[22m[39m

[2m Test Files [22m [1m[32m69 passed[39m[22m[2m | [22m[33m4 skipped[39m[90m (73)[39m
[2m      Tests [22m [1m[32m753 passed[39m[22m[2m | [22m[33m50 skipped[39m[90m (803)[39m
[2m   Start at [22m 17:33:04
[2m   Duration [22m 14.28s[2m (transform 2.31s, setup 193ms, collect 6.86s, tests 13.27s, environment 18ms, prepare 6.07s)[22m

